python : WARNING: All log messages before absl::InitializeLog() is called are 
written to STDERR
At line:1 char:1
+ python test_single_clip.py > test_output.txt 2>&1; Get-Content test_o ...
+ ~~~~~~~~~~~~~~~~~~~~~~~~~~~~~~~~~~~~~~~~~~~~~~~~~
    + CategoryInfo          : NotSpecified: (WARNING: All lo...itten to STDERR 
   :String) [], RemoteException
    + FullyQualifiedErrorId : NativeCommandError
 
E0000 00:00:1768937830.954968   27940 alts_credentials.cc:93] ALTS creds 
ignored. Not running on GCP and untrusted ALTS is not enabled.
E0000 00:00:1768937840.977498   27940 alts_credentials.cc:93] ALTS creds 
ignored. Not running on GCP and untrusted ALTS is not enabled.
================================================================================
≡ƒº¬ SINGLE CLIP ANALYSIS TEST
================================================================================
Cache Version: 5.0
Test Clip: data\samples\clips\clip.mp4

[API KEY MANAGER] Loaded 28 API key(s)
[API KEY MANAGER] Current key: AIzaSyD-i-...fqpqg
≡ƒôè API Keys Available: 28
≡ƒôè Keys Remaining: 28

≡ƒô╣ Clip Duration: 4.84s

≡ƒöº Initializing Gemini...
[OK] Using model: gemini-3-flash-preview

≡ƒôñ Uploading video to Gemini...
   (This counts as 1 API interaction)
   Waiting for processing (state: PROCESSING)...
Γ£à Upload complete: https://generativelanguage.googleapis.com/v1beta/files/apk6pc8jrool

≡ƒºá Requesting analysis from Gemini...
   (This counts as 1 API interaction)

≡ƒôè Response Status:
   Candidates: 1
   Finish Reason: 1
Γ£à Response completed normally

================================================================================
RAW GEMINI RESPONSE:
================================================================================
{
  "energy": "Medium",
  "motion": "Dynamic",
  "content_description": "Two friends share a laugh and move around playfully in a bedroom setting.",
  "vibes": [
    "Friends",
    "Humor",
    "Indoor"
  ],
  "best_moments": {
    "High": {
      "start": 1.0,
      "end": 3.5,
      "reason": "The moment they both break into laughter and move apart quickly."
    },
    "Medium": {
      "start": 2.5,
      "end": 4.5,
      "reason": "Walking away from the camera after the joke."
    },
    "Low": {
      "start": 0.0,
      "end": 2.0,
      "reason": "The initial setup of the hug before the main action starts."
    }
  }
}
================================================================================

PARSED RESPONSE:
================================================================================
{
  "energy": "Medium",
  "motion": "Dynamic",
  "content_description": "Two friends share a laugh and move around playfully in a bedroom setting.",
  "vibes": [
    "Friends",
    "Humor",
    "Indoor"
  ],
  "best_moments": {
    "High": {
      "start": 1.0,
      "end": 3.5,
      "reason": "The moment they both break into laughter and move apart quickly."
    },
    "Medium": {
      "start": 2.5,
      "end": 4.5,
      "reason": "Walking away from the camera after the joke."
    },
    "Low": {
      "start": 0.0,
      "end": 2.0,
      "reason": "The initial setup of the hug before the main action starts."
    }
  }
}
================================================================================

Γ£à VALIDATION CHECKS:
----------------------------------------
   Γ£à energy: Medium
   Γ£à motion: Dynamic
   Γ£à vibes: Friends, Humor, Indoor
   Γ£à content_description: Two friends share a laugh and move around playfully in a bedroom setting.
   Γ£à best_moments.High: 1.0s - 3.5s
   Γ£à best_moments.Medium: 2.5s - 4.5s
   Γ£à best_moments.Low: 0.0s - 2.0s

≡ƒÄë ALL FIELDS PRESENT - Analysis is working correctly!

≡ƒôè API USAGE SUMMARY:
----------------------------------------
   Upload: 1 call
   Analysis: 1 call
   Total: 2 API calls for 1 clip

   For 20 clips: 40 API calls (first run)
   After caching: 0 API calls

≡ƒÆ╛ CACHE PREVIEW (what would be saved):
----------------------------------------
   Cache file: clip_comprehensive_db3625c36512.json
{
  "energy": "Medium",
  "motion": "Dynamic",
  "vibes": [
    "Friends",
    "Humor",
    "Indoor"
  ],
  "content_description": "Two friends share a laugh and move around playfully in a bedroom setting.",
  "best_moments": {
    "High": {
      "start": 1.0,
      "end": 3.5,
      "reason": "The moment they both break into laughter and move apart quickly."
    },
    "Medium": {
      "start": 2.5,
      "end": 4.5,
      "reason": "Walking away from the camera after the joke."
    },
    "Low": {
      "start": 0.0,
      "end": 2.0,
      "reason": "The initial setup of the hug before the main action starts."
    }
  },
  "_cache_version": "5.0",
  "_cached_at": "2026-01-21 00:37:30"
}

================================================================================
Γ£à TEST COMPLETE
================================================================================

Next steps:
1. If all fields are present ΓåÆ Run full cache population
2. If fields are missing ΓåÆ Check prompt or Gemini model
3. Delete old cache: Remove-Item data/cache/*.json -Force
